Archive member included to satisfy reference by file (symbol)

C:/ST/STM32CubeIDE_1.18.1/STM32CubeIDE/plugins/com.st.stm32cube.ide.mcu.externaltools.gnu-tools-for-stm32.13.3.rel1.win32_1.0.0.202411081344/tools/bin/../lib/gcc/arm-none-eabi/13.3.1/../../../../arm-none-eabi/lib/thumb/v7e-m+fp/hard\libc_nano.a(libc_a-exit.o)
                              C:/ST/STM32CubeIDE_1.18.1/STM32CubeIDE/plugins/com.st.stm32cube.ide.mcu.externaltools.gnu-tools-for-stm32.13.3.rel1.win32_1.0.0.202411081344/tools/bin/../lib/gcc/arm-none-eabi/13.3.1/../../../../arm-none-eabi/lib/thumb/v7e-m+fp/hard/crt0.o (exit)
C:/ST/STM32CubeIDE_1.18.1/STM32CubeIDE/plugins/com.st.stm32cube.ide.mcu.externaltools.gnu-tools-for-stm32.13.3.rel1.win32_1.0.0.202411081344/tools/bin/../lib/gcc/arm-none-eabi/13.3.1/../../../../arm-none-eabi/lib/thumb/v7e-m+fp/hard\libc_nano.a(libc_a-findfp.o)
                              C:/ST/STM32CubeIDE_1.18.1/STM32CubeIDE/plugins/com.st.stm32cube.ide.mcu.externaltools.gnu-tools-for-stm32.13.3.rel1.win32_1.0.0.202411081344/tools/bin/../lib/gcc/arm-none-eabi/13.3.1/../../../../arm-none-eabi/lib/thumb/v7e-m+fp/hard\libc_nano.a(libc_a-exit.o) (__stdio_exit_handler)
C:/ST/STM32CubeIDE_1.18.1/STM32CubeIDE/plugins/com.st.stm32cube.ide.mcu.externaltools.gnu-tools-for-stm32.13.3.rel1.win32_1.0.0.202411081344/tools/bin/../lib/gcc/arm-none-eabi/13.3.1/../../../../arm-none-eabi/lib/thumb/v7e-m+fp/hard\libc_nano.a(libc_a-fwalk.o)
                              C:/ST/STM32CubeIDE_1.18.1/STM32CubeIDE/plugins/com.st.stm32cube.ide.mcu.externaltools.gnu-tools-for-stm32.13.3.rel1.win32_1.0.0.202411081344/tools/bin/../lib/gcc/arm-none-eabi/13.3.1/../../../../arm-none-eabi/lib/thumb/v7e-m+fp/hard\libc_nano.a(libc_a-findfp.o) (_fwalk_sglue)
C:/ST/STM32CubeIDE_1.18.1/STM32CubeIDE/plugins/com.st.stm32cube.ide.mcu.externaltools.gnu-tools-for-stm32.13.3.rel1.win32_1.0.0.202411081344/tools/bin/../lib/gcc/arm-none-eabi/13.3.1/../../../../arm-none-eabi/lib/thumb/v7e-m+fp/hard\libc_nano.a(libc_a-stdio.o)
                              C:/ST/STM32CubeIDE_1.18.1/STM32CubeIDE/plugins/com.st.stm32cube.ide.mcu.externaltools.gnu-tools-for-stm32.13.3.rel1.win32_1.0.0.202411081344/tools/bin/../lib/gcc/arm-none-eabi/13.3.1/../../../../arm-none-eabi/lib/thumb/v7e-m+fp/hard\libc_nano.a(libc_a-findfp.o) (__sread)
C:/ST/STM32CubeIDE_1.18.1/STM32CubeIDE/plugins/com.st.stm32cube.ide.mcu.externaltools.gnu-tools-for-stm32.13.3.rel1.win32_1.0.0.202411081344/tools/bin/../lib/gcc/arm-none-eabi/13.3.1/../../../../arm-none-eabi/lib/thumb/v7e-m+fp/hard\libc_nano.a(libc_a-memset.o)
                              C:/ST/STM32CubeIDE_1.18.1/STM32CubeIDE/plugins/com.st.stm32cube.ide.mcu.externaltools.gnu-tools-for-stm32.13.3.rel1.win32_1.0.0.202411081344/tools/bin/../lib/gcc/arm-none-eabi/13.3.1/../../../../arm-none-eabi/lib/thumb/v7e-m+fp/hard/crt0.o (memset)
C:/ST/STM32CubeIDE_1.18.1/STM32CubeIDE/plugins/com.st.stm32cube.ide.mcu.externaltools.gnu-tools-for-stm32.13.3.rel1.win32_1.0.0.202411081344/tools/bin/../lib/gcc/arm-none-eabi/13.3.1/../../../../arm-none-eabi/lib/thumb/v7e-m+fp/hard\libc_nano.a(libc_a-closer.o)
                              C:/ST/STM32CubeIDE_1.18.1/STM32CubeIDE/plugins/com.st.stm32cube.ide.mcu.externaltools.gnu-tools-for-stm32.13.3.rel1.win32_1.0.0.202411081344/tools/bin/../lib/gcc/arm-none-eabi/13.3.1/../../../../arm-none-eabi/lib/thumb/v7e-m+fp/hard\libc_nano.a(libc_a-stdio.o) (_close_r)
C:/ST/STM32CubeIDE_1.18.1/STM32CubeIDE/plugins/com.st.stm32cube.ide.mcu.externaltools.gnu-tools-for-stm32.13.3.rel1.win32_1.0.0.202411081344/tools/bin/../lib/gcc/arm-none-eabi/13.3.1/../../../../arm-none-eabi/lib/thumb/v7e-m+fp/hard\libc_nano.a(libc_a-reent.o)
                              C:/ST/STM32CubeIDE_1.18.1/STM32CubeIDE/plugins/com.st.stm32cube.ide.mcu.externaltools.gnu-tools-for-stm32.13.3.rel1.win32_1.0.0.202411081344/tools/bin/../lib/gcc/arm-none-eabi/13.3.1/../../../../arm-none-eabi/lib/thumb/v7e-m+fp/hard\libc_nano.a(libc_a-closer.o) (errno)
C:/ST/STM32CubeIDE_1.18.1/STM32CubeIDE/plugins/com.st.stm32cube.ide.mcu.externaltools.gnu-tools-for-stm32.13.3.rel1.win32_1.0.0.202411081344/tools/bin/../lib/gcc/arm-none-eabi/13.3.1/../../../../arm-none-eabi/lib/thumb/v7e-m+fp/hard\libc_nano.a(libc_a-impure.o)
                              C:/ST/STM32CubeIDE_1.18.1/STM32CubeIDE/plugins/com.st.stm32cube.ide.mcu.externaltools.gnu-tools-for-stm32.13.3.rel1.win32_1.0.0.202411081344/tools/bin/../lib/gcc/arm-none-eabi/13.3.1/../../../../arm-none-eabi/lib/thumb/v7e-m+fp/hard\libc_nano.a(libc_a-reent.o) (_impure_ptr)
C:/ST/STM32CubeIDE_1.18.1/STM32CubeIDE/plugins/com.st.stm32cube.ide.mcu.externaltools.gnu-tools-for-stm32.13.3.rel1.win32_1.0.0.202411081344/tools/bin/../lib/gcc/arm-none-eabi/13.3.1/../../../../arm-none-eabi/lib/thumb/v7e-m+fp/hard\libc_nano.a(libc_a-lseekr.o)
[...]
Memory Configuration

Name             Origin             Length             Attributes
RAM              0x20000000         0x00020000         xrw
FLASH            0x08000000         0x00080000         xr
*default*        0x00000000         0xffffffff

Linker script and memory map

LOAD C:/ST/STM32CubeIDE_1.18.1/STM32CubeIDE/plugins/com.st.stm32cube.ide.mcu.externaltools.gnu-tools-for-stm32.13.3.rel1.win32_1.0.0.202411081344/tools/bin/../lib/gcc/arm-none-eabi/13.3.1/thumb/v7e-m+fp/hard/crti.o
LOAD C:/ST/STM32CubeIDE_1.18.1/STM32CubeIDE/plugins/com.st.stm32cube.ide.mcu.externaltools.gnu-tools-for-stm32.13.3.rel1.win32_1.0.0.202411081344/tools/bin/../lib/gcc/arm-none-eabi/13.3.1/thumb/v7e-m+fp/hard/crtbegin.o
LOAD C:/ST/STM32CubeIDE_1.18.1/STM32CubeIDE/plugins/com.st.stm32cube.ide.mcu.externaltools.gnu-tools-for-stm32.13.3.rel1.win32_1.0.0.202411081344/tools/bin/../lib/gcc/arm-none-eabi/13.3.1/../../../../arm-none-eabi/lib/thumb/v7e-m+fp/hard/crt0.o
LOAD ./Core/Src/fdcan.o
LOAD ./Core/Src/gpio.o
LOAD ./Core/Src/main.o
LOAD ./Core/Src/stm32g4xx_hal_msp.o
LOAD ./Core/Src/stm32g4xx_it.o
LOAD ./Core/Src/syscalls.o
LOAD ./Core/Src/sysmem.o
LOAD ./Core/Src/system_stm32g4xx.o
LOAD ./Core/Startup/startup_stm32g474ceux.o
LOAD ./Drivers/STM32G4xx_HAL_Driver/Src/stm32g4xx_hal.o
LOAD ./Drivers/STM32G4xx_HAL_Driver/Src/stm32g4xx_hal_cortex.o
LOAD ./Drivers/STM32G4xx_HAL_Driver/Src/stm32g4xx_hal_dma.o
LOAD ./Drivers/STM32G4xx_HAL_Driver/Src/stm32g4xx_hal_dma_ex.o
LOAD ./Drivers/STM32G4xx_HAL_Driver/Src/stm32g4xx_hal_exti.o
LOAD ./Drivers/STM32G4xx_HAL_Driver/Src/stm32g4xx_hal_fdcan.o
LOAD ./Drivers/STM32G4xx_HAL_Driver/Src/stm32g4xx_hal_flash.o
LOAD ./Drivers/STM32G4xx_HAL_Driver/Src/stm32g4xx_hal_flash_ex.o
LOAD ./Drivers/STM32G4xx_HAL_Driver/Src/stm32g4xx_hal_flash_ramfunc.o
LOAD ./Drivers/STM32G4xx_HAL_Driver/Src/stm32g4xx_hal_gpio.o
LOAD ./Drivers/STM32G4xx_HAL_Driver/Src/stm32g4xx_hal_pwr.o
LOAD ./Drivers/STM32G4xx_HAL_Driver/Src/stm32g4xx_hal_pwr_ex.o
LOAD ./Drivers/STM32G4xx_HAL_Driver/Src/stm32g4xx_hal_rcc.o
LOAD ./Drivers/STM32G4xx_HAL_Driver/Src/stm32g4xx_hal_rcc_ex.o
LOAD ./lib/bms.o
START GROUP
LOAD C:/ST/STM32CubeIDE_1.18.1/STM32CubeIDE/plugins/com.st.stm32cube.ide.mcu.externaltools.gnu-tools-for-stm32.13.3.rel1.win32_1.0.0.202411081344/tools/bin/../lib/gcc/arm-none-eabi/13.3.1/../../../../arm-none-eabi/lib/thumb/v7e-m+fp/hard\libc_nano.a
LOAD C:/ST/STM32CubeIDE_1.18.1/STM32CubeIDE/plugins/com.st.stm32cube.ide.mcu.externaltools.gnu-tools-for-stm32.13.3.rel1.win32_1.0.0.202411081344/tools/bin/../lib/gcc/arm-none-eabi/13.3.1/../../../../arm-none-eabi/lib/thumb/v7e-m+fp/hard\libm.a
END GROUP
START GROUP
LOAD C:/ST/STM32CubeIDE_1.18.1/STM32CubeIDE/plugins/com.st.stm32cube.ide.mcu.externaltools.gnu-tools-for-stm32.13.3.rel1.win32_1.0.0.202411081344/tools/bin/../lib/gcc/arm-none-eabi/13.3.1/thumb/v7e-m+fp/hard\libgcc.a
LOAD C:/ST/STM32CubeIDE_1.18.1/STM32CubeIDE/plugins/com.st.stm32cube.ide.mcu.externaltools.gnu-tools-for-stm32.13.3.rel1.win32_1.0.0.202411081344/tools/bin/../lib/gcc/arm-none-eabi/13.3.1/../../../../arm-none-eabi/lib/thumb/v7e-m+fp/hard\libc_nano.a
END GROUP
START GROUP
LOAD C:/ST/STM32CubeIDE_1.18.1/STM32CubeIDE/plugins/com.st.stm32cube.ide.mcu.externaltools.gnu-tools-for-stm32.13.3.rel1.win32_1.0.0.202411081344/tools/bin/../lib/gcc/arm-none-eabi/13.3.1/thumb/v7e-m+fp/hard\libgcc.a
LOAD C:/ST/STM32CubeIDE_1.18.1/STM32CubeIDE/plugins/com.st.stm32cube.ide.mcu.externaltools.gnu-tools-for-stm32.13.3.rel1.win32_1.0.0.202411081344/tools/bin/../lib/gcc/arm-none-eabi/13.3.1/../../../../arm-none-eabi/lib/thumb/v7e-m+fp/hard\libc_nano.a
LOAD C:/ST/STM32CubeIDE_1.18.1/STM32CubeIDE/plugins/com.st.stm32cube.ide.mcu.externaltools.gnu-tools-for-stm32.13.3.rel1.win32_1.0.0.202411081344/tools/bin/../lib/gcc/arm-none-eabi/13.3.1/../../../../arm-none-eabi/lib/thumb/v7e-m+fp/hard\libnosys.a
END GROUP
START GROUP
LOAD C:/ST/STM32CubeIDE_1.18.1/STM32CubeIDE/plugins/com.st.stm32cube.ide.mcu.externaltools.gnu-tools-for-stm32.13.3.rel1.win32_1.0.0.202411081344/tools/bin/../lib/gcc/arm-none-eabi/13.3.1/thumb/v7e-m+fp/hard\libgcc.a
LOAD C:/ST/STM32CubeIDE_1.18.1/STM32CubeIDE/plugins/com.st.stm32cube.ide.mcu.externaltools.gnu-tools-for-stm32.13.3.rel1.win32_1.0.0.202411081344/tools/bin/../lib/gcc/arm-none-eabi/13.3.1/../../../../arm-none-eabi/lib/thumb/v7e-m+fp/hard\libc_nano.a
LOAD C:/ST/STM32CubeIDE_1.18.1/STM32CubeIDE/plugins/com.st.stm32cube.ide.mcu.externaltools.gnu-tools-for-stm32.13.3.rel1.win32_1.0.0.202411081344/tools/bin/../lib/gcc/arm-none-eabi/13.3.1/../../../../arm-none-eabi/lib/thumb/v7e-m+fp/hard\libnosys.a
END GROUP
LOAD C:/ST/STM32CubeIDE_1.18.1/STM32CubeIDE/plugins/com.st.stm32cube.ide.mcu.externaltools.gnu-tools-for-stm32.13.3.rel1.win32_1.0.0.202411081344/tools/bin/../lib/gcc/arm-none-eabi/13.3.1/thumb/v7e-m+fp/hard/crtend.o
LOAD C:/ST/STM32CubeIDE_1.18.1/STM32CubeIDE/plugins/com.st.stm32cube.ide.mcu.externaltools.gnu-tools-for-stm32.13.3.rel1.win32_1.0.0.202411081344/tools/bin/../lib/gcc/arm-none-eabi/13.3.1/thumb/v7e-m+fp/hard/crtn.o
                0x20020000                        _estack = (ORIGIN (RAM) + LENGTH (RAM))
                0x00000200                        _Min_Heap_Size = 0x200
                0x00000400                        _Min_Stack_Size = 0x400

.isr_vector     0x08000000      0x1d8
                0x08000000                        . = ALIGN (0x4)
 *(.isr_vector)
 .isr_vector    0x08000000      0x1d8 ./Core/Startup/startup_stm32g474ceux.o
                0x08000000                g_pfnVectors
                0x080001d8                        . = ALIGN (0x4)

.text           0x080001d8     0x2ca0
                0x080001d8                        . = ALIGN (0x4)
 *(.text)
 .text          0x080001d8       0x40 C:/ST/STM32CubeIDE_1.18.1/STM32CubeIDE/plugins/com.st.stm32cube.ide.mcu.externaltools.gnu-tools-for-stm32.13.3.rel1.win32_1.0.0.202411081344/tools/bin/../lib/gcc/arm-none-eabi/13.3.1/thumb/v7e-m+fp/hard/crtbegin.o
 .text          0x08000218      0x378 C:/ST/STM32CubeIDE_1.18.1/STM32CubeIDE/plugins/com.st.stm32cube.ide.mcu.externaltools.gnu-tools-for-stm32.13.3.rel1.win32_1.0.0.202411081344/tools/bin/../lib/gcc/arm-none-eabi/13.3.1/thumb/v7e-m+fp/hard\libgcc.a(_arm_addsubdf3.o)
                0x08000218                __aeabi_drsub
                0x08000220                __aeabi_dsub
                0x08000220                __subdf3
                0x08000224                __aeabi_dadd
                0x08000224                __adddf3
                0x0800049c                __floatunsidf
                0x0800049c                __aeabi_ui2d
                0x080004bc                __floatsidf
                0x080004bc                __aeabi_i2d
                0x080004e0                __aeabi_f2d
                0x080004e0                __extendsfdf2
                0x08000524                __floatundidf
                0x08000524                __aeabi_ul2d
                0x08000534                __floatdidf
                0x08000534                __aeabi_l2d
 .text          0x08000590       0x50 C:/ST/STM32CubeIDE_1.18.1/STM32CubeIDE/plugins/com.st.stm32cube.ide.mcu.externaltools.gnu-tools-for-stm32.13.3.rel1.win32_1.0.0.202411081344/tools/bin/../lib/gcc/arm-none-eabi/13.3.1/thumb/v7e-m+fp/hard\libgcc.a(_arm_fixdfsi.o)
                0x08000590                __aeabi_d2iz
                0x08000590                __fixdfsi
 *(.text*)
 .text.MX_FDCAN1_Init
                0x080005e0       0x8c ./Core/Src/fdcan.o
                0x080005e0                MX_FDCAN1_Init
 .text.HAL_FDCAN_MspInit
                0x0800066c       0xc4 ./Core/Src/fdcan.o
                0x0800066c                HAL_FDCAN_MspInit
 .text.MX_GPIO_Init
                0x08000730      0x12c ./Core/Src/gpio.o
                0x08000730                MX_GPIO_Init
 .text.HAL_FDCAN_RxFifo0Callback
                0x0800085c       0x30 ./Core/Src/main.o
                0x0800085c                HAL_FDCAN_RxFifo0Callback
 .text.main     0x0800088c       0x5c ./Core/Src/main.o
                0x0800088c                main
 .text.SystemClock_Config
                0x080008e8       0x96 ./Core/Src/main.o
                0x080008e8                SystemClock_Config
 .text.Error_Handler
                0x0800097e        0xc ./Core/Src/main.o
                0x0800097e                Error_Handler
 *fill*         0x0800098a        0x2 
 .text.HAL_MspInit
                0x0800098c       0x48 ./Core/Src/stm32g4xx_hal_msp.o
                0x0800098c                HAL_MspInit
 .text.NMI_Handler
                0x080009d4        0x8 ./Core/Src/stm32g4xx_it.o
                0x080009d4                NMI_Handler
 .text.HardFault_Handler
                0x080009dc        0x8 ./Core/Src/stm32g4xx_it.o
                0x080009dc                HardFault_Handler
 .text.MemManage_Handler
                0x080009e4        0x8 ./Core/Src/stm32g4xx_it.o
                0x080009e4                MemManage_Handler
 .text.BusFault_Handler
                0x080009ec        0x8 ./Core/Src/stm32g4xx_it.o
                0x080009ec                BusFault_Handler
 .text.UsageFault_Handler
                0x080009f4        0x8 ./Core/Src/stm32g4xx_it.o
                0x080009f4                UsageFault_Handler
 .text.SVC_Handler
                0x080009fc        0xe ./Core/Src/stm32g4xx_it.o
                0x080009fc                SVC_Handler
 .text.DebugMon_Handler
                0x08000a0a        0xe ./Core/Src/stm32g4xx_it.o
                0x08000a0a                DebugMon_Handler
 .text.PendSV_Handler
                0x08000a18        0xe ./Core/Src/stm32g4xx_it.o
                0x08000a18                PendSV_Handler
 .text.SysTick_Handler
                0x08000a26        0xc ./Core/Src/stm32g4xx_it.o
                0x08000a26                SysTick_Handler
 *fill*         0x08000a32        0x2 
 .text.FDCAN1_IT0_IRQHandler
                0x08000a34       0x14 ./Core/Src/stm32g4xx_it.o
                0x08000a34                FDCAN1_IT0_IRQHandler
 .text.SystemInit
                0x08000a48       0x24 ./Core/Src/system_stm32g4xx.o
                0x08000a48                SystemInit
 .text.Reset_Handler
                0x08000a6c       0x50 ./Core/Startup/startup_stm32g474ceux.o
                0x08000a6c                Reset_Handler
 .text.Default_Handler
                0x08000abc        0x2 ./Core/Startup/startup_stm32g474ceux.o
                0x08000abc                RTC_Alarm_IRQHandler
                0x08000abc                EXTI2_IRQHandler
                0x08000abc                TIM8_TRG_COM_IRQHandler
                0x08000abc                TIM8_CC_IRQHandler
                0x08000abc                HRTIM1_Master_IRQHandler
                0x08000abc                SPI4_IRQHandler
                0x08000abc                FDCAN3_IT0_IRQHandler
                0x08000abc                TIM1_CC_IRQHandler
                0x08000abc                HRTIM1_FLT_IRQHandler
                0x08000abc                HRTIM1_TIMF_IRQHandler
                0x08000abc                USB_HP_IRQHandler
                0x08000abc                CORDIC_IRQHandler
                0x08000abc                HRTIM1_TIMD_IRQHandler
                0x08000abc                DMA2_Channel8_IRQHandler
                0x08000abc                EXTI3_IRQHandler
                0x08000abc                I2C3_ER_IRQHandler
                0x08000abc                EXTI0_IRQHandler
                0x08000abc                I2C2_EV_IRQHandler
                0x08000abc                FPU_IRQHandler
                0x08000abc                FDCAN1_IT1_IRQHandler
                0x08000abc                TIM1_UP_TIM16_IRQHandler
                0x08000abc                ADC1_2_IRQHandler
                0x08000abc                HRTIM1_TIME_IRQHandler
                0x08000abc                SPI1_IRQHandler
                0x08000abc                TIM6_DAC_IRQHandler
                0x08000abc                HRTIM1_TIMC_IRQHandler
                0x08000abc                TIM8_UP_IRQHandler
                0x08000abc                DMA2_Channel2_IRQHandler
                0x08000abc                DMA1_Channel4_IRQHandler
                0x08000abc                TIM20_TRG_COM_IRQHandler
                0x08000abc                USART3_IRQHandler
                0x08000abc                DMA1_Channel7_IRQHandler
                0x08000abc                UART5_IRQHandler
                0x08000abc                ADC3_IRQHandler
                0x08000abc                TIM4_IRQHandler
                0x08000abc                DMA2_Channel1_IRQHandler
                0x08000abc                QUADSPI_IRQHandler
                0x08000abc                I2C1_EV_IRQHandler
                0x08000abc                DMA1_Channel6_IRQHandler
                0x08000abc                UART4_IRQHandler
                0x08000abc                DMA2_Channel4_IRQHandler
                0x08000abc                TIM3_IRQHandler
                0x08000abc                RCC_IRQHandler
                0x08000abc                TIM20_UP_IRQHandler
                0x08000abc                DMA1_Channel1_IRQHandler
                0x08000abc                Default_Handler
                0x08000abc                DMA2_Channel7_IRQHandler
                0x08000abc                RTC_TAMP_LSECSS_IRQHandler
                0x08000abc                FMAC_IRQHandler
                0x08000abc                EXTI15_10_IRQHandler
                0x08000abc                DMA1_Channel8_IRQHandler
                0x08000abc                HRTIM1_TIMA_IRQHandler
                0x08000abc                TIM7_DAC_IRQHandler
                0x08000abc                FDCAN3_IT1_IRQHandler
                0x08000abc                TIM5_IRQHandler
                0x08000abc                UCPD1_IRQHandler
                0x08000abc                I2C3_EV_IRQHandler
                0x08000abc                EXTI9_5_IRQHandler
                0x08000abc                RTC_WKUP_IRQHandler
                0x08000abc                PVD_PVM_IRQHandler
                0x08000abc                SPI2_IRQHandler
                0x08000abc                ADC5_IRQHandler
                0x08000abc                DMA2_Channel5_IRQHandler
                0x08000abc                CRS_IRQHandler
                0x08000abc                DMA1_Channel5_IRQHandler
                0x08000abc                USB_LP_IRQHandler
                0x08000abc                EXTI4_IRQHandler
                0x08000abc                RNG_IRQHandler
                0x08000abc                HRTIM1_TIMB_IRQHandler
                0x08000abc                TIM1_TRG_COM_TIM17_IRQHandler
                0x08000abc                FDCAN2_IT1_IRQHandler
                0x08000abc                DMA1_Channel3_IRQHandler
                0x08000abc                ADC4_IRQHandler
                0x08000abc                WWDG_IRQHandler
                0x08000abc                I2C4_EV_IRQHandler
                0x08000abc                FDCAN2_IT0_IRQHandler
                0x08000abc                LPUART1_IRQHandler
                0x08000abc                DMA2_Channel6_IRQHandler
                0x08000abc                TIM2_IRQHandler
                0x08000abc                COMP7_IRQHandler
                0x08000abc                COMP1_2_3_IRQHandler
                0x08000abc                EXTI1_IRQHandler
                0x08000abc                USART2_IRQHandler
                0x08000abc                COMP4_5_6_IRQHandler
                0x08000abc                TIM20_BRK_IRQHandler
                0x08000abc                I2C2_ER_IRQHandler
                0x08000abc                DMA1_Channel2_IRQHandler
                0x08000abc                TIM8_BRK_IRQHandler
                0x08000abc                FLASH_IRQHandler
                0x08000abc                TIM20_CC_IRQHandler
                0x08000abc                USART1_IRQHandler
                0x08000abc                SPI3_IRQHandler
                0x08000abc                I2C1_ER_IRQHandler
                0x08000abc                FMC_IRQHandler
                0x08000abc                LPTIM1_IRQHandler
                0x08000abc                DMAMUX_OVR_IRQHandler
                0x08000abc                I2C4_ER_IRQHandler
                0x08000abc                USBWakeUp_IRQHandler
                0x08000abc                SAI1_IRQHandler
                0x08000abc                DMA2_Channel3_IRQHandler
                0x08000abc                TIM1_BRK_TIM15_IRQHandler
 .text.HAL_Init
                0x08000abe       0x30 ./Drivers/STM32G4xx_HAL_Driver/Src/stm32g4xx_hal.o
                0x08000abe                HAL_Init
 *fill*         0x08000aee        0x2 
 .text.HAL_InitTick
                0x08000af0       0x74 ./Drivers/STM32G4xx_HAL_Driver/Src/stm32g4xx_hal.o
                0x08000af0                HAL_InitTick
 .text.HAL_IncTick
                0x08000b64       0x24 ./Drivers/STM32G4xx_HAL_Driver/Src/stm32g4xx_hal.o
                0x08000b64                HAL_IncTick
 .text.HAL_GetTick
                0x08000b88       0x18 ./Drivers/STM32G4xx_HAL_Driver/Src/stm32g4xx_hal.o
                0x08000b88                HAL_GetTick
 .text.__NVIC_SetPriorityGrouping
                0x08000ba0       0x48 ./Drivers/STM32G4xx_HAL_Driver/Src/stm32g4xx_hal_cortex.o
 .text.__NVIC_GetPriorityGrouping
                0x08000be8       0x1c ./Drivers/STM32G4xx_HAL_Driver/Src/stm32g4xx_hal_cortex.o
 .text.__NVIC_EnableIRQ
                0x08000c04       0x3c ./Drivers/STM32G4xx_HAL_Driver/Src/stm32g4xx_hal_cortex.o
 .text.__NVIC_SetPriority
                0x08000c40       0x54 ./Drivers/STM32G4xx_HAL_Driver/Src/stm32g4xx_hal_cortex.o
 .text.NVIC_EncodePriority
                0x08000c94       0x66 ./Drivers/STM32G4xx_HAL_Driver/Src/stm32g4xx_hal_cortex.o
 *fill*         0x08000cfa        0x2 
 .text.SysTick_Config
                0x08000cfc       0x44 ./Drivers/STM32G4xx_HAL_Driver/Src/stm32g4xx_hal_cortex.o
 .text.HAL_NVIC_SetPriorityGrouping
                0x08000d40       0x16 ./Drivers/STM32G4xx_HAL_Driver/Src/stm32g4xx_hal_cortex.o
                0x08000d40                HAL_NVIC_SetPriorityGrouping
 .text.HAL_NVIC_SetPriority
                0x08000d56       0x34 ./Drivers/STM32G4xx_HAL_Driver/Src/stm32g4xx_hal_cortex.o
                0x08000d56                HAL_NVIC_SetPriority
 .text.HAL_NVIC_EnableIRQ
                0x08000d8a       0x1c ./Drivers/STM32G4xx_HAL_Driver/Src/stm32g4xx_hal_cortex.o
                0x08000d8a                HAL_NVIC_EnableIRQ
 .text.HAL_SYSTICK_Config
                0x08000da6       0x18 ./Drivers/STM32G4xx_HAL_Driver/Src/stm32g4xx_hal_cortex.o
                0x08000da6                HAL_SYSTICK_Config
 *fill*         0x08000dbe        0x2 
 .text.HAL_FDCAN_Init
                0x08000dc0      0x2b4 ./Drivers/STM32G4xx_HAL_Driver/Src/stm32g4xx_hal_fdcan.o
                0x08000dc0                HAL_FDCAN_Init
 .text.HAL_FDCAN_Start
                0x08001074       0x50 ./Drivers/STM32G4xx_HAL_Driver/Src/stm32g4xx_hal_fdcan.o
                0x08001074                HAL_FDCAN_Start
 .text.HAL_FDCAN_GetRxMessage
                0x080010c4      0x210 ./Drivers/STM32G4xx_HAL_Driver/Src/stm32g4xx_hal_fdcan.o
                0x080010c4                HAL_FDCAN_GetRxMessage
 .text.HAL_FDCAN_ActivateNotification
                0x080012d4      0x1cc ./Drivers/STM32G4xx_HAL_Driver/Src/stm32g4xx_hal_fdcan.o
                0x080012d4                HAL_FDCAN_ActivateNotification
 .text.HAL_FDCAN_IRQHandler
                0x080014a0      0x266 ./Drivers/STM32G4xx_HAL_Driver/Src/stm32g4xx_hal_fdcan.o
                0x080014a0                HAL_FDCAN_IRQHandler
 .text.HAL_FDCAN_TxEventFifoCallback
                0x08001706       0x16 ./Drivers/STM32G4xx_HAL_Driver/Src/stm32g4xx_hal_fdcan.o
                0x08001706                HAL_FDCAN_TxEventFifoCallback
 .text.HAL_FDCAN_RxFifo1Callback
                0x0800171c       0x16 ./Drivers/STM32G4xx_HAL_Driver/Src/stm32g4xx_hal_fdcan.o
                0x0800171c                HAL_FDCAN_RxFifo1Callback
 .text.HAL_FDCAN_TxFifoEmptyCallback
                0x08001732       0x14 ./Drivers/STM32G4xx_HAL_Driver/Src/stm32g4xx_hal_fdcan.o
                0x08001732                HAL_FDCAN_TxFifoEmptyCallback
 .text.HAL_FDCAN_TxBufferCompleteCallback
                0x08001746       0x16 ./Drivers/STM32G4xx_HAL_Driver/Src/stm32g4xx_hal_fdcan.o
                0x08001746                HAL_FDCAN_TxBufferCompleteCallback
 .text.HAL_FDCAN_TxBufferAbortCallback
                0x0800175c       0x16 ./Drivers/STM32G4xx_HAL_Driver/Src/stm32g4xx_hal_fdcan.o
                0x0800175c                HAL_FDCAN_TxBufferAbortCallback
 .text.HAL_FDCAN_TimestampWraparoundCallback
                0x08001772       0x14 ./Drivers/STM32G4xx_HAL_Driver/Src/stm32g4xx_hal_fdcan.o
                0x08001772                HAL_FDCAN_TimestampWraparoundCallback
 .text.HAL_FDCAN_TimeoutOccurredCallback
                0x08001786       0x14 ./Drivers/STM32G4xx_HAL_Driver/Src/stm32g4xx_hal_fdcan.o
                0x08001786                HAL_FDCAN_TimeoutOccurredCallback
 .text.HAL_FDCAN_HighPriorityMessageCallback
                0x0800179a       0x14 ./Drivers/STM32G4xx_HAL_Driver/Src/stm32g4xx_hal_fdcan.o
                0x0800179a                HAL_FDCAN_HighPriorityMessageCallback
 .text.HAL_FDCAN_ErrorCallback
                0x080017ae       0x14 ./Drivers/STM32G4xx_HAL_Driver/Src/stm32g4xx_hal_fdcan.o
                0x080017ae                HAL_FDCAN_ErrorCallback
 .text.HAL_FDCAN_ErrorStatusCallback
                0x080017c2       0x16 ./Drivers/STM32G4xx_HAL_Driver/Src/stm32g4xx_hal_fdcan.o
                0x080017c2                HAL_FDCAN_ErrorStatusCallback
 .text.FDCAN_CalcultateRamBlockAddresses
                0x080017d8       0xd8 ./Drivers/STM32G4xx_HAL_Driver/Src/stm32g4xx_hal_fdcan.o
 .text.HAL_GPIO_Init
                0x080018b0      0x304 ./Drivers/STM32G4xx_HAL_Driver/Src/stm32g4xx_hal_gpio.o
                0x080018b0                HAL_GPIO_Init
 .text.HAL_PWREx_ControlVoltageScaling
                0x08001bb4      0x148 ./Drivers/STM32G4xx_HAL_Driver/Src/stm32g4xx_hal_pwr_ex.o
                0x08001bb4                HAL_PWREx_ControlVoltageScaling
 .text.HAL_PWREx_DisableUCPDDeadBattery
                0x08001cfc       0x20 ./Drivers/STM32G4xx_HAL_Driver/Src/stm32g4xx_hal_pwr_ex.o
                0x08001cfc                HAL_PWREx_DisableUCPDDeadBattery
 .text.HAL_RCC_OscConfig
                0x08001d1c      0x624 ./Drivers/STM32G4xx_HAL_Driver/Src/stm32g4xx_hal_rcc.o
                0x08001d1c                HAL_RCC_OscConfig
 .text.HAL_RCC_ClockConfig
                0x08002340      0x278 ./Drivers/STM32G4xx_HAL_Driver/Src/stm32g4xx_hal_rcc.o
                0x08002340                HAL_RCC_ClockConfig
 .text.HAL_RCC_GetSysClockFreq
                0x080025b8       0xc4 ./Drivers/STM32G4xx_HAL_Driver/Src/stm32g4xx_hal_rcc.o
                0x080025b8                HAL_RCC_GetSysClockFreq
 .text.RCC_GetSysClockFreqFromPLLSource
                0x0800267c       0x8c ./Drivers/STM32G4xx_HAL_Driver/Src/stm32g4xx_hal_rcc.o
 .text.HAL_RCCEx_PeriphCLKConfig
                0x08002708      0x49c ./Drivers/STM32G4xx_HAL_Driver/Src/stm32g4xx_hal_rcc_ex.o
                0x08002708                HAL_RCCEx_PeriphCLKConfig
 .text.BMS_GetData
                0x08002ba4       0x14 ./lib/bms.o
                0x08002ba4                BMS_GetData
 .text.BMS_Update
                0x08002bb8      0x250 ./lib/bms.o
                0x08002bb8                BMS_Update
 .text.memset   0x08002e08       0x10 C:/ST/STM32CubeIDE_1.18.1/STM32CubeIDE/plugins/com.st.stm32cube.ide.mcu.externaltools.gnu-tools-for-stm32.13.3.rel1.win32_1.0.0.202411081344/tools/bin/../lib/gcc/arm-none-eabi/13.3.1/../../../../arm-none-eabi/lib/thumb/v7e-m+fp/hard\libc_nano.a(libc_a-memset.o)
                0x08002e08                memset
 .text.__libc_init_array
                0x08002e18       0x48 C:/ST/STM32CubeIDE_1.18.1/STM32CubeIDE/plugins/com.st.stm32cube.ide.mcu.externaltools.gnu-tools-for-stm32.13.3.rel1.win32_1.0.0.202411081344/tools/bin/../lib/gcc/arm-none-eabi/13.3.1/../../../../arm-none-eabi/lib/thumb/v7e-m+fp/hard\libc_nano.a(libc_a-init.o)
                0x08002e18                __libc_init_array
 *(.glue_7)
 .glue_7        0x08002e60        0x0 linker stubs
 *(.glue_7t)
 .glue_7t       0x08002e60        0x0 linker stubs
 *(.eh_frame)
 .eh_frame      0x08002e60        0x0 C:/ST/STM32CubeIDE_1.18.1/STM32CubeIDE/plugins/com.st.stm32cube.ide.mcu.externaltools.gnu-tools-for-stm32.13.3.rel1.win32_1.0.0.202411081344/tools/bin/../lib/gcc/arm-none-eabi/13.3.1/thumb/v7e-m+fp/hard/crtbegin.o
 *(.init)
 .init          0x08002e60        0x4 C:/ST/STM32CubeIDE_1.18.1/STM32CubeIDE/plugins/com.st.stm32cube.ide.mcu.externaltools.gnu-tools-for-stm32.13.3.rel1.win32_1.0.0.202411081344/tools/bin/../lib/gcc/arm-none-eabi/13.3.1/thumb/v7e-m+fp/hard/crti.o
                0x08002e60                _init
 .init          0x08002e64        0x8 C:/ST/STM32CubeIDE_1.18.1/STM32CubeIDE/plugins/com.st.stm32cube.ide.mcu.externaltools.gnu-tools-for-stm32.13.3.rel1.win32_1.0.0.202411081344/tools/bin/../lib/gcc/arm-none-eabi/13.3.1/thumb/v7e-m+fp/hard/crtn.o
 *(.fini)
 .fini          0x08002e6c        0x4 C:/ST/STM32CubeIDE_1.18.1/STM32CubeIDE/plugins/com.st.stm32cube.ide.mcu.externaltools.gnu-tools-for-stm32.13.3.rel1.win32_1.0.0.202411081344/tools/bin/../lib/gcc/arm-none-eabi/13.3.1/thumb/v7e-m+fp/hard/crti.o
                0x08002e6c                _fini
 .fini          0x08002e70        0x8 C:/ST/STM32CubeIDE_1.18.1/STM32CubeIDE/plugins/com.st.stm32cube.ide.mcu.externaltools.gnu-tools-for-stm32.13.3.rel1.win32_1.0.0.202411081344/tools/bin/../lib/gcc/arm-none-eabi/13.3.1/thumb/v7e-m+fp/hard/crtn.o
                0x08002e78                        . = ALIGN (0x4)
                0x08002e78                        _etext = .

.vfp11_veneer   0x08002e78        0x0
 .vfp11_veneer  0x08002e78        0x0 linker stubs

.v4_bx          0x08002e78        0x0
 .v4_bx         0x08002e78        0x0 linker stubs

.iplt           0x08002e78        0x0
 .iplt          0x08002e78        0x0 C:/ST/STM32CubeIDE_1.18.1/STM32CubeIDE/plugins/com.st.stm32cube.ide.mcu.externaltools.gnu-tools-for-stm32.13.3.rel1.win32_1.0.0.202411081344/tools/bin/../lib/gcc/arm-none-eabi/13.3.1/thumb/v7e-m+fp/hard/crtbegin.o

.rodata         0x08002e78       0x20
                0x08002e78                        . = ALIGN (0x4)
 *(.rodata)
 *(.rodata*)
 .rodata.AHBPrescTable
                0x08002e78       0x10 ./Core/Src/system_stm32g4xx.o
                0x08002e78                AHBPrescTable
 .rodata.DLCtoBytes
                0x08002e88       0x10 ./Drivers/STM32G4xx_HAL_Driver/Src/stm32g4xx_hal_fdcan.o
                0x08002e98                        . = ALIGN (0x4)

.ARM.extab      0x08002e98        0x0
                0x08002e98                        . = ALIGN (0x4)
 *(.ARM.extab* .gnu.linkonce.armextab.*)
                0x08002e98                        . = ALIGN (0x4)

.ARM            0x08002e98        0x0
                0x08002e98                        . = ALIGN (0x4)
                0x08002e98                        __exidx_start = .
 *(.ARM.exidx*)
                0x08002e98                        __exidx_end = .
                0x08002e98                        . = ALIGN (0x4)

.preinit_array  0x08002e98        0x0
                0x08002e98                        . = ALIGN (0x4)
                0x08002e98                        PROVIDE (__preinit_array_start = .)
 *(.preinit_array*)
                0x08002e98                        PROVIDE (__preinit_array_end = .)
                0x08002e98                        . = ALIGN (0x4)

.init_array     0x08002e98        0x4
                0x08002e98                        . = ALIGN (0x4)
                0x08002e98                        PROVIDE (__init_array_start = .)
 *(SORT_BY_NAME(.init_array.*))
 *(.init_array*)
 .init_array    0x08002e98        0x4 C:/ST/STM32CubeIDE_1.18.1/STM32CubeIDE/plugins/com.st.stm32cube.ide.mcu.externaltools.gnu-tools-for-stm32.13.3.rel1.win32_1.0.0.202411081344/tools/bin/../lib/gcc/arm-none-eabi/13.3.1/thumb/v7e-m+fp/hard/crtbegin.o
                0x08002e9c                        PROVIDE (__init_array_end = .)
                0x08002e9c                        . = ALIGN (0x4)

.fini_array     0x08002e9c        0x4
                0x08002e9c                        . = ALIGN (0x4)
                [!provide]                        PROVIDE (__fini_array_start = .)
 *(SORT_BY_NAME(.fini_array.*))
 *(.fini_array*)
 .fini_array    0x08002e9c        0x4 C:/ST/STM32CubeIDE_1.18.1/STM32CubeIDE/plugins/com.st.stm32cube.ide.mcu.externaltools.gnu-tools-for-stm32.13.3.rel1.win32_1.0.0.202411081344/tools/bin/../lib/gcc/arm-none-eabi/13.3.1/thumb/v7e-m+fp/hard/crtbegin.o
                [!provide]                        PROVIDE (__fini_array_end = .)
                0x08002ea0                        . = ALIGN (0x4)
                0x08002ea0                        _sidata = LOADADDR (.data)

.rel.dyn        0x08002ea0        0x0
 .rel.iplt      0x08002ea0        0x0 C:/ST/STM32CubeIDE_1.18.1/STM32CubeIDE/plugins/com.st.stm32cube.ide.mcu.externaltools.gnu-tools-for-stm32.13.3.rel1.win32_1.0.0.202411081344/tools/bin/../lib/gcc/arm-none-eabi/13.3.1/thumb/v7e-m+fp/hard/crtbegin.o

.data           0x20000000        0xc load address 0x08002ea0
                0x20000000                        . = ALIGN (0x4)
                0x20000000                        _sdata = .
 *(.data)
 *(.data*)
 .data.SystemCoreClock
                0x20000000        0x4 ./Core/Src/system_stm32g4xx.o
                0x20000000                SystemCoreClock
 .data.uwTickPrio
                0x20000004        0x4 ./Drivers/STM32G4xx_HAL_Driver/Src/stm32g4xx_hal.o
                0x20000004                uwTickPrio
 .data.uwTickFreq
                0x20000008        0x4 ./Drivers/STM32G4xx_HAL_Driver/Src/stm32g4xx_hal.o
                0x20000008                uwTickFreq
 *(.RamFunc)
 *(.RamFunc*)
                0x2000000c                        . = ALIGN (0x4)
                0x2000000c                        _edata = .

.igot.plt       0x2000000c        0x0 load address 0x08002eac
 .igot.plt      0x2000000c        0x0 C:/ST/STM32CubeIDE_1.18.1/STM32CubeIDE/plugins/com.st.stm32cube.ide.mcu.externaltools.gnu-tools-for-stm32.13.3.rel1.win32_1.0.0.202411081344/tools/bin/../lib/gcc/arm-none-eabi/13.3.1/thumb/v7e-m+fp/hard/crtbegin.o
                0x2000000c                        . = ALIGN (0x4)

.bss            0x2000000c      0x10c load address 0x08002eac
                0x2000000c                        _sbss = .
                0x2000000c                        __bss_start__ = _sbss
 *(.bss)
 .bss           0x2000000c       0x1c C:/ST/STM32CubeIDE_1.18.1/STM32CubeIDE/plugins/com.st.stm32cube.ide.mcu.externaltools.gnu-tools-for-stm32.13.3.rel1.win32_1.0.0.202411081344/tools/bin/../lib/gcc/arm-none-eabi/13.3.1/thumb/v7e-m+fp/hard/crtbegin.o
 *(.bss*)
 .bss.hfdcan1   0x20000028       0x64 ./Core/Src/fdcan.o
                0x20000028                hfdcan1
 .bss.TxHeader  0x2000008c       0x24 ./Core/Src/main.o
                0x2000008c                TxHeader
 .bss.RxHeader  0x200000b0       0x28 ./Core/Src/main.o
                0x200000b0                RxHeader
 .bss.RxData    0x200000d8        0x8 ./Core/Src/main.o
                0x200000d8                RxData
 .bss.uwTick    0x200000e0        0x4 ./Drivers/STM32G4xx_HAL_Driver/Src/stm32g4xx_hal.o
                0x200000e0                uwTick
 .bss.last_update_ms
                0x200000e4        0x4 ./lib/bms.o
                0x200000e4                last_update_ms
 .bss.batterymsg
                0x200000e8       0x30 ./lib/bms.o
 *(COMMON)
                0x20000118                        . = ALIGN (0x4)
                0x20000118                        _ebss = .
                0x20000118                        __bss_end__ = _ebss

._user_heap_stack
                0x20000118      0x600 load address 0x08002eac
                0x20000118                        . = ALIGN (0x8)
                [!provide]                        PROVIDE (end = .)
                0x20000118                        PROVIDE (_end = .)
                0x20000318                        . = (. + _Min_Heap_Size)
 *fill*         0x20000118      0x200 
                0x20000718                        . = (. + _Min_Stack_Size)
 *fill*         0x20000318      0x400 
                0x20000718                        . = ALIGN (0x8)

/DISCARD/
 libc.a(*)
 libm.a(*)
 libgcc.a(*)

.ARM.attributes
                0x00000000       0x30
 *(.ARM.attributes)
 .ARM.attributes
                0x00000000       0x22 C:/ST/STM32CubeIDE_1.18.1/STM32CubeIDE/plugins/com.st.stm32cube.ide.mcu.externaltools.gnu-tools-for-stm32.13.3.rel1.win32_1.0.0.202411081344/tools/bin/../lib/gcc/arm-none-eabi/13.3.1/thumb/v7e-m+fp/hard/crti.o
 .ARM.attributes
                0x00000022       0x34 C:/ST/STM32CubeIDE_1.18.1/STM32CubeIDE/plugins/com.st.stm32cube.ide.mcu.externaltools.gnu-tools-for-stm32.13.3.rel1.win32_1.0.0.202411081344/tools/bin/../lib/gcc/arm-none-eabi/13.3.1/thumb/v7e-m+fp/hard/crtbegin.o
 .ARM.attributes
                0x00000056       0x34 ./Core/Src/fdcan.o
 .ARM.attributes
                0x0000008a       0x34 ./Core/Src/gpio.o
 .ARM.attributes
                0x000000be       0x34 ./Core/Src/main.o
 .ARM.attributes
                0x000000f2       0x34 ./Core/Src/stm32g4xx_hal_msp.o
 .ARM.attributes
                0x00000126       0x34 ./Core/Src/stm32g4xx_it.o
 .ARM.attributes
                0x0000015a       0x34 ./Core/Src/system_stm32g4xx.o
 .ARM.attributes
                0x0000018e       0x21 ./Core/Startup/startup_stm32g474ceux.o
 .ARM.attributes
                0x000001af       0x34 ./Drivers/STM32G4xx_HAL_Driver/Src/stm32g4xx_hal.o
 .ARM.attributes
                0x000001e3       0x34 ./Drivers/STM32G4xx_HAL_Driver/Src/stm32g4xx_hal_cortex.o
 .ARM.attributes
                0x00000217       0x34 ./Drivers/STM32G4xx_HAL_Driver/Src/stm32g4xx_hal_fdcan.o
 .ARM.attributes
                0x0000024b       0x34 ./Drivers/STM32G4xx_HAL_Driver/Src/stm32g4xx_hal_gpio.o
 .ARM.attributes
                0x0000027f       0x34 ./Drivers/STM32G4xx_HAL_Driver/Src/stm32g4xx_hal_pwr_ex.o
 .ARM.attributes
                0x000002b3       0x34 ./Drivers/STM32G4xx_HAL_Driver/Src/stm32g4xx_hal_rcc.o
 .ARM.attributes
                0x000002e7       0x34 ./Drivers/STM32G4xx_HAL_Driver/Src/stm32g4xx_hal_rcc_ex.o
 .ARM.attributes
                0x0000031b       0x34 ./lib/bms.o
 .ARM.attributes
                0x0000034f       0x34 C:/ST/STM32CubeIDE_1.18.1/STM32CubeIDE/plugins/com.st.stm32cube.ide.mcu.externaltools.gnu-tools-for-stm32.13.3.rel1.win32_1.0.0.202411081344/tools/bin/../lib/gcc/arm-none-eabi/13.3.1/../../../../arm-none-eabi/lib/thumb/v7e-m+fp/hard\libc_nano.a(libc_a-memset.o)
 .ARM.attributes
                0x00000383       0x34 C:/ST/STM32CubeIDE_1.18.1/STM32CubeIDE/plugins/com.st.stm32cube.ide.mcu.externaltools.gnu-tools-for-stm32.13.3.rel1.win32_1.0.0.202411081344/tools/bin/../lib/gcc/arm-none-eabi/13.3.1/../../../../arm-none-eabi/lib/thumb/v7e-m+fp/hard\libc_nano.a(libc_a-init.o)
 .ARM.attributes
                0x000003b7       0x22 C:/ST/STM32CubeIDE_1.18.1/STM32CubeIDE/plugins/com.st.stm32cube.ide.mcu.externaltools.gnu-tools-for-stm32.13.3.rel1.win32_1.0.0.202411081344/tools/bin/../lib/gcc/arm-none-eabi/13.3.1/thumb/v7e-m+fp/hard\libgcc.a(_arm_addsubdf3.o)
 .ARM.attributes
                0x000003d9       0x22 C:/ST/STM32CubeIDE_1.18.1/STM32CubeIDE/plugins/com.st.stm32cube.ide.mcu.externaltools.gnu-tools-for-stm32.13.3.rel1.win32_1.0.0.202411081344/tools/bin/../lib/gcc/arm-none-eabi/13.3.1/thumb/v7e-m+fp/hard\libgcc.a(_arm_fixdfsi.o)
 .ARM.attributes
                0x000003fb       0x22 C:/ST/STM32CubeIDE_1.18.1/STM32CubeIDE/plugins/com.st.stm32cube.ide.mcu.externaltools.gnu-tools-for-stm32.13.3.rel1.win32_1.0.0.202411081344/tools/bin/../lib/gcc/arm-none-eabi/13.3.1/thumb/v7e-m+fp/hard/crtn.o
OUTPUT(g474_bmsv2.elf elf32-littlearm)
LOAD linker stubs
LOAD C:/ST/STM32CubeIDE_1.18.1/STM32CubeIDE/plugins/com.st.stm32cube.ide.mcu.externaltools.gnu-tools-for-stm32.13.3.rel1.win32_1.0.0.202411081344/tools/bin/../lib/gcc/arm-none-eabi/13.3.1/../../../../arm-none-eabi/lib/thumb/v7e-m+fp/hard\libc.a
LOAD C:/ST/STM32CubeIDE_1.18.1/STM32CubeIDE/plugins/com.st.stm32cube.ide.mcu.externaltools.gnu-tools-for-stm32.13.3.rel1.win32_1.0.0.202411081344/tools/bin/../lib/gcc/arm-none-eabi/13.3.1/../../../../arm-none-eabi/lib/thumb/v7e-m+fp/hard\libm.a
LOAD C:/ST/STM32CubeIDE_1.18.1/STM32CubeIDE/plugins/com.st.stm32cube.ide.mcu.externaltools.gnu-tools-for-stm32.13.3.rel1.win32_1.0.0.202411081344/tools/bin/../lib/gcc/arm-none-eabi/13.3.1/thumb/v7e-m+fp/hard\libgcc.a

.debug_info     0x00000000     0x8fa2
 .debug_info    0x00000000      0xe58 ./Core/Src/fdcan.o
 .debug_info    0x00000e58      0x45b ./Core/Src/gpio.o
 .debug_info    0x000012b3      0xad7 ./Core/Src/main.o
 .debug_info    0x00001d8a      0x2da ./Core/Src/stm32g4xx_hal_msp.o
 .debug_info    0x00002064      0x625 ./Core/Src/stm32g4xx_it.o
 .debug_info    0x00002689      0x58e ./Core/Src/system_stm32g4xx.o
 .debug_info    0x00002c17       0x30 ./Core/Startup/startup_stm32g474ceux.o
 .debug_info    0x00002c47      0xb95 ./Drivers/STM32G4xx_HAL_Driver/Src/stm32g4xx_hal.o
 .debug_info    0x000037dc      0xdf9 ./Drivers/STM32G4xx_HAL_Driver/Src/stm32g4xx_hal_cortex.o
 .debug_info    0x000045d5     0x18bb ./Drivers/STM32G4xx_HAL_Driver/Src/stm32g4xx_hal_fdcan.o
 .debug_info    0x00005e90      0x763 ./Drivers/STM32G4xx_HAL_Driver/Src/stm32g4xx_hal_gpio.o
 .debug_info    0x000065f3      0x93f ./Drivers/STM32G4xx_HAL_Driver/Src/stm32g4xx_hal_pwr_ex.o
 .debug_info    0x00006f32      0xbe0 ./Drivers/STM32G4xx_HAL_Driver/Src/stm32g4xx_hal_rcc.o
 .debug_info    0x00007b12      0xc45 ./Drivers/STM32G4xx_HAL_Driver/Src/stm32g4xx_hal_rcc_ex.o
 .debug_info    0x00008757      0x84b ./lib/bms.o

.debug_abbrev   0x00000000     0x1aed
 .debug_abbrev  0x00000000      0x1d2 ./Core/Src/fdcan.o
 .debug_abbrev  0x000001d2      0x134 ./Core/Src/gpio.o
 .debug_abbrev  0x00000306      0x231 ./Core/Src/main.o
 .debug_abbrev  0x00000537       0xd9 ./Core/Src/stm32g4xx_hal_msp.o
 .debug_abbrev  0x00000610      0x15b ./Core/Src/stm32g4xx_it.o
 .debug_abbrev  0x0000076b      0x11a ./Core/Src/system_stm32g4xx.o
 .debug_abbrev  0x00000885       0x24 ./Core/Startup/startup_stm32g474ceux.o
 .debug_abbrev  0x000008a9      0x271 ./Drivers/STM32G4xx_HAL_Driver/Src/stm32g4xx_hal.o
 .debug_abbrev  0x00000b1a      0x31c ./Drivers/STM32G4xx_HAL_Driver/Src/stm32g4xx_hal_cortex.o
 .debug_abbrev  0x00000e36      0x1e7 ./Drivers/STM32G4xx_HAL_Driver/Src/stm32g4xx_hal_fdcan.o
 .debug_abbrev  0x0000101d      0x1cb ./Drivers/STM32G4xx_HAL_Driver/Src/stm32g4xx_hal_gpio.o
 .debug_abbrev  0x000011e8      0x22c ./Drivers/STM32G4xx_HAL_Driver/Src/stm32g4xx_hal_pwr_ex.o
 .debug_abbrev  0x00001414      0x2c9 ./Drivers/STM32G4xx_HAL_Driver/Src/stm32g4xx_hal_rcc.o
 .debug_abbrev  0x000016dd      0x258 ./Drivers/STM32G4xx_HAL_Driver/Src/stm32g4xx_hal_rcc_ex.o
 .debug_abbrev  0x00001935      0x1b8 ./lib/bms.o

.debug_aranges  0x00000000      0x8e0
 .debug_aranges
                0x00000000       0x30 ./Core/Src/fdcan.o
 .debug_aranges
                0x00000030       0x20 ./Core/Src/gpio.o
 .debug_aranges
                0x00000050       0x38 ./Core/Src/main.o
 .debug_aranges
                0x00000088       0x20 ./Core/Src/stm32g4xx_hal_msp.o
 .debug_aranges
                0x000000a8       0x68 ./Core/Src/stm32g4xx_it.o
 .debug_aranges
                0x00000110       0x28 ./Core/Src/system_stm32g4xx.o
 .debug_aranges
                0x00000138       0x28 ./Core/Startup/startup_stm32g474ceux.o
 .debug_aranges
                0x00000160      0x148 ./Drivers/STM32G4xx_HAL_Driver/Src/stm32g4xx_hal.o
 .debug_aranges
                0x000002a8      0x128 ./Drivers/STM32G4xx_HAL_Driver/Src/stm32g4xx_hal_cortex.o
 .debug_aranges
                0x000003d0      0x208 ./Drivers/STM32G4xx_HAL_Driver/Src/stm32g4xx_hal_fdcan.o
 .debug_aranges
                0x000005d8       0x58 ./Drivers/STM32G4xx_HAL_Driver/Src/stm32g4xx_hal_gpio.o
 .debug_aranges
                0x00000630      0x140 ./Drivers/STM32G4xx_HAL_Driver/Src/stm32g4xx_hal_pwr_ex.o
 .debug_aranges
                0x00000770       0x98 ./Drivers/STM32G4xx_HAL_Driver/Src/stm32g4xx_hal_rcc.o
 .debug_aranges
                0x00000808       0xb0 ./Drivers/STM32G4xx_HAL_Driver/Src/stm32g4xx_hal_rcc_ex.o
 .debug_aranges
                0x000008b8       0x28 ./lib/bms.o

.debug_rnglists
                0x00000000      0x687
 .debug_rnglists
                0x00000000       0x21 ./Core/Src/fdcan.o
 .debug_rnglists
                0x00000021       0x14 ./Core/Src/gpio.o
 .debug_rnglists
                0x00000035       0x26 ./Core/Src/main.o
 .debug_rnglists
                0x0000005b       0x13 ./Core/Src/stm32g4xx_hal_msp.o
 .debug_rnglists
                0x0000006e       0x49 ./Core/Src/stm32g4xx_it.o
 .debug_rnglists
                0x000000b7       0x1a ./Core/Src/system_stm32g4xx.o
 .debug_rnglists
                0x000000d1       0x19 ./Core/Startup/startup_stm32g474ceux.o
 .debug_rnglists
                0x000000ea       0xf1 ./Drivers/STM32G4xx_HAL_Driver/Src/stm32g4xx_hal.o
 .debug_rnglists
                0x000001db       0xda ./Drivers/STM32G4xx_HAL_Driver/Src/stm32g4xx_hal_cortex.o
 .debug_rnglists
                0x000002b5      0x18d ./Drivers/STM32G4xx_HAL_Driver/Src/stm32g4xx_hal_fdcan.o
 .debug_rnglists
                0x00000442       0x3f ./Drivers/STM32G4xx_HAL_Driver/Src/stm32g4xx_hal_gpio.o
 .debug_rnglists
                0x00000481       0xf1 ./Drivers/STM32G4xx_HAL_Driver/Src/stm32g4xx_hal_pwr_ex.o
 .debug_rnglists
                0x00000572       0x74 ./Drivers/STM32G4xx_HAL_Driver/Src/stm32g4xx_hal_rcc.o
 .debug_rnglists
                0x000005e6       0x87 ./Drivers/STM32G4xx_HAL_Driver/Src/stm32g4xx_hal_rcc_ex.o
 .debug_rnglists
                0x0000066d       0x1a ./lib/bms.o

.debug_macro    0x00000000    0x24290
 .debug_macro   0x00000000      0x1c4 ./Core/Src/fdcan.o
 .debug_macro   0x000001c4      0xad8 ./Core/Src/fdcan.o
 .debug_macro   0x00000c9c      0x155 ./Core/Src/fdcan.o
 .debug_macro   0x00000df1       0x2e ./Core/Src/fdcan.o
 .debug_macro   0x00000e1f       0x28 ./Core/Src/fdcan.o
 .debug_macro   0x00000e47       0x22 ./Core/Src/fdcan.o
 .debug_macro   0x00000e69       0x8e ./Core/Src/fdcan.o
 .debug_macro   0x00000ef7       0x51 ./Core/Src/fdcan.o
 .debug_macro   0x00000f48      0x103 ./Core/Src/fdcan.o
 .debug_macro   0x0000104b       0x6a ./Core/Src/fdcan.o
 .debug_macro   0x000010b5      0x1df ./Core/Src/fdcan.o
 .debug_macro   0x00001294       0x1c ./Core/Src/fdcan.o
 .debug_macro   0x000012b0       0x22 ./Core/Src/fdcan.o
 .debug_macro   0x000012d2       0xfb ./Core/Src/fdcan.o
 .debug_macro   0x000013cd     0x1011 ./Core/Src/fdcan.o
 .debug_macro   0x000023de      0x11f ./Core/Src/fdcan.o
 .debug_macro   0x000024fd    0x18b8c ./Core/Src/fdcan.o
 .debug_macro   0x0001b089       0x6d ./Core/Src/fdcan.o
 .debug_macro   0x0001b0f6     0x3558 ./Core/Src/fdcan.o
 .debug_macro   0x0001e64e      0x190 ./Core/Src/fdcan.o
 .debug_macro   0x0001e7de       0x5c ./Core/Src/fdcan.o
 .debug_macro   0x0001e83a     0x171f ./Core/Src/fdcan.o
 .debug_macro   0x0001ff59      0x600 ./Core/Src/fdcan.o
 .debug_macro   0x00020559      0x1b6 ./Core/Src/fdcan.o
 .debug_macro   0x0002070f      0x34a ./Core/Src/fdcan.o
 .debug_macro   0x00020a59      0x53c ./Core/Src/fdcan.o
 .debug_macro   0x00020f95      0x18b ./Core/Src/fdcan.o
 .debug_macro   0x00021120       0x43 ./Core/Src/fdcan.o
 .debug_macro   0x00021163      0x23d ./Core/Src/fdcan.o
 .debug_macro   0x000213a0      0x211 ./Core/Src/fdcan.o
 .debug_macro   0x000215b1      0x6bd ./Core/Src/fdcan.o
 .debug_macro   0x00021c6e      0x45c ./Core/Src/fdcan.o
 .debug_macro   0x000220ca      0x11c ./Core/Src/fdcan.o
 .debug_macro   0x000221e6      0x122 ./Core/Src/fdcan.o
 .debug_macro   0x00022308      0x3d1 ./Core/Src/fdcan.o
 .debug_macro   0x000226d9      0x358 ./Core/Src/fdcan.o
 .debug_macro   0x00022a31      0x1c4 ./Core/Src/gpio.o
 .debug_macro   0x00022bf5      0x1dc ./Core/Src/main.o
 .debug_macro   0x00022dd1      0x1ba ./Core/Src/stm32g4xx_hal_msp.o
 .debug_macro   0x00022f8b      0x1c4 ./Core/Src/stm32g4xx_it.o
 .debug_macro   0x0002314f      0x1b0 ./Core/Src/system_stm32g4xx.o
 .debug_macro   0x000232ff      0x1fe ./Drivers/STM32G4xx_HAL_Driver/Src/stm32g4xx_hal.o
 .debug_macro   0x000234fd      0x1b0 ./Drivers/STM32G4xx_HAL_Driver/Src/stm32g4xx_hal_cortex.o
 .debug_macro   0x000236ad      0x2c2 ./Drivers/STM32G4xx_HAL_Driver/Src/stm32g4xx_hal_fdcan.o
 .debug_macro   0x0002396f      0x1b7 ./Drivers/STM32G4xx_HAL_Driver/Src/stm32g4xx_hal_gpio.o
 .debug_macro   0x00023b26      0x1da ./Drivers/STM32G4xx_HAL_Driver/Src/stm32g4xx_hal_pwr_ex.o
 .debug_macro   0x00023d00      0x1f2 ./Drivers/STM32G4xx_HAL_Driver/Src/stm32g4xx_hal_rcc.o
 .debug_macro   0x00023ef2      0x1da ./Drivers/STM32G4xx_HAL_Driver/Src/stm32g4xx_hal_rcc_ex.o
 .debug_macro   0x000240cc      0x1c4 ./lib/bms.o

.debug_line     0x00000000     0xa131
 .debug_line    0x00000000      0x7b8 ./Core/Src/fdcan.o
 .debug_line    0x000007b8      0x74b ./Core/Src/gpio.o
 .debug_line    0x00000f03      0x819 ./Core/Src/main.o
 .debug_line    0x0000171c      0x717 ./Core/Src/stm32g4xx_hal_msp.o
 .debug_line    0x00001e33      0x7dd ./Core/Src/stm32g4xx_it.o
 .debug_line    0x00002610      0x783 ./Core/Src/system_stm32g4xx.o
 .debug_line    0x00002d93       0x7b ./Core/Startup/startup_stm32g474ceux.o
 .debug_line    0x00002e0e      0xb4f ./Drivers/STM32G4xx_HAL_Driver/Src/stm32g4xx_hal.o
 .debug_line    0x0000395d      0xcb4 ./Drivers/STM32G4xx_HAL_Driver/Src/stm32g4xx_hal_cortex.o
 .debug_line    0x00004611     0x18a0 ./Drivers/STM32G4xx_HAL_Driver/Src/stm32g4xx_hal_fdcan.o
 .debug_line    0x00005eb1      0xb28 ./Drivers/STM32G4xx_HAL_Driver/Src/stm32g4xx_hal_gpio.o
 .debug_line    0x000069d9      0xcae ./Drivers/STM32G4xx_HAL_Driver/Src/stm32g4xx_hal_pwr_ex.o
 .debug_line    0x00007687      0xfd2 ./Drivers/STM32G4xx_HAL_Driver/Src/stm32g4xx_hal_rcc.o
 .debug_line    0x00008659     0x1247 ./Drivers/STM32G4xx_HAL_Driver/Src/stm32g4xx_hal_rcc_ex.o
 .debug_line    0x000098a0      0x891 ./lib/bms.o

.debug_str      0x00000000    0xe47c1
 .debug_str     0x00000000    0xe47c1 ./Core/Src/fdcan.o
                              0xe1a13 (size before relaxing)
 .debug_str     0x000e47c1    0xe0ddf ./Core/Src/gpio.o
 .debug_str     0x000e47c1    0xe1387 ./Core/Src/main.o
 .debug_str     0x000e47c1    0xe0d71 ./Core/Src/stm32g4xx_hal_msp.o
 .debug_str     0x000e47c1    0xe103a ./Core/Src/stm32g4xx_it.o
 .debug_str     0x000e47c1    0xe0e00 ./Core/Src/system_stm32g4xx.o
 .debug_str     0x000e47c1       0x81 ./Core/Startup/startup_stm32g474ceux.o
 .debug_str     0x000e47c1    0xe1b12 ./Drivers/STM32G4xx_HAL_Driver/Src/stm32g4xx_hal.o
 .debug_str     0x000e47c1    0xe17ce ./Drivers/STM32G4xx_HAL_Driver/Src/stm32g4xx_hal_cortex.o
 .debug_str     0x000e47c1    0xe23af ./Drivers/STM32G4xx_HAL_Driver/Src/stm32g4xx_hal_fdcan.o
 .debug_str     0x000e47c1    0xe0f8b ./Drivers/STM32G4xx_HAL_Driver/Src/stm32g4xx_hal_gpio.o
 .debug_str     0x000e47c1    0xe12ee ./Drivers/STM32G4xx_HAL_Driver/Src/stm32g4xx_hal_pwr_ex.o
 .debug_str     0x000e47c1    0xe151f ./Drivers/STM32G4xx_HAL_Driver/Src/stm32g4xx_hal_rcc.o
 .debug_str     0x000e47c1    0xe1549 ./Drivers/STM32G4xx_HAL_Driver/Src/stm32g4xx_hal_rcc_ex.o
 .debug_str     0x000e47c1    0xe1131 ./lib/bms.o

.comment        0x00000000       0x43
 .comment       0x00000000       0x43 ./Core/Src/fdcan.o
                                 0x44 (size before relaxing)
 .comment       0x00000043       0x44 ./Core/Src/gpio.o
 .comment       0x00000043       0x44 ./Core/Src/main.o
 .comment       0x00000043       0x44 ./Core/Src/stm32g4xx_hal_msp.o
 .comment       0x00000043       0x44 ./Core/Src/stm32g4xx_it.o
 .comment       0x00000043       0x44 ./Core/Src/system_stm32g4xx.o
 .comment       0x00000043       0x44 ./Drivers/STM32G4xx_HAL_Driver/Src/stm32g4xx_hal.o
 .comment       0x00000043       0x44 ./Drivers/STM32G4xx_HAL_Driver/Src/stm32g4xx_hal_cortex.o
 .comment       0x00000043       0x44 ./Drivers/STM32G4xx_HAL_Driver/Src/stm32g4xx_hal_fdcan.o
 .comment       0x00000043       0x44 ./Drivers/STM32G4xx_HAL_Driver/Src/stm32g4xx_hal_gpio.o
 .comment       0x00000043       0x44 ./Drivers/STM32G4xx_HAL_Driver/Src/stm32g4xx_hal_pwr_ex.o
 .comment       0x00000043       0x44 ./Drivers/STM32G4xx_HAL_Driver/Src/stm32g4xx_hal_rcc.o
 .comment       0x00000043       0x44 ./Drivers/STM32G4xx_HAL_Driver/Src/stm32g4xx_hal_rcc_ex.o
 .comment       0x00000043       0x44 ./lib/bms.o

.debug_frame    0x00000000     0x2324
 .debug_frame   0x00000000       0x78 ./Core/Src/fdcan.o
 .debug_frame   0x00000078       0x34 ./Core/Src/gpio.o
 .debug_frame   0x000000ac       0x90 ./Core/Src/main.o
 .debug_frame   0x0000013c       0x34 ./Core/Src/stm32g4xx_hal_msp.o
 .debug_frame   0x00000170      0x120 ./Core/Src/stm32g4xx_it.o
 .debug_frame   0x00000290       0x58 ./Core/Src/system_stm32g4xx.o
 .debug_frame   0x000002e8      0x500 ./Drivers/STM32G4xx_HAL_Driver/Src/stm32g4xx_hal.o
 .debug_frame   0x000007e8      0x4e8 ./Drivers/STM32G4xx_HAL_Driver/Src/stm32g4xx_hal_cortex.o
 .debug_frame   0x00000cd0      0x9b0 ./Drivers/STM32G4xx_HAL_Driver/Src/stm32g4xx_hal_fdcan.o
 .debug_frame   0x00001680      0x14c ./Drivers/STM32G4xx_HAL_Driver/Src/stm32g4xx_hal_gpio.o
 .debug_frame   0x000017cc      0x4fc ./Drivers/STM32G4xx_HAL_Driver/Src/stm32g4xx_hal_pwr_ex.o
 .debug_frame   0x00001cc8      0x23c ./Drivers/STM32G4xx_HAL_Driver/Src/stm32g4xx_hal_rcc.o
 .debug_frame   0x00001f04      0x2ac ./Drivers/STM32G4xx_HAL_Driver/Src/stm32g4xx_hal_rcc_ex.o
 .debug_frame   0x000021b0       0x58 ./lib/bms.o
 .debug_frame   0x00002208       0x20 C:/ST/STM32CubeIDE_1.18.1/STM32CubeIDE/plugins/com.st.stm32cube.ide.mcu.externaltools.gnu-tools-for-stm32.13.3.rel1.win32_1.0.0.202411081344/tools/bin/../lib/gcc/arm-none-eabi/13.3.1/../../../../arm-none-eabi/lib/thumb/v7e-m+fp/hard\libc_nano.a(libc_a-memset.o)
 .debug_frame   0x00002228       0x2c C:/ST/STM32CubeIDE_1.18.1/STM32CubeIDE/plugins/com.st.stm32cube.ide.mcu.externaltools.gnu-tools-for-stm32.13.3.rel1.win32_1.0.0.202411081344/tools/bin/../lib/gcc/arm-none-eabi/13.3.1/../../../../arm-none-eabi/lib/thumb/v7e-m+fp/hard\libc_nano.a(libc_a-init.o)
 .debug_frame   0x00002254       0xac C:/ST/STM32CubeIDE_1.18.1/STM32CubeIDE/plugins/com.st.stm32cube.ide.mcu.externaltools.gnu-tools-for-stm32.13.3.rel1.win32_1.0.0.202411081344/tools/bin/../lib/gcc/arm-none-eabi/13.3.1/thumb/v7e-m+fp/hard\libgcc.a(_arm_addsubdf3.o)
 .debug_frame   0x00002300       0x24 C:/ST/STM32CubeIDE_1.18.1/STM32CubeIDE/plugins/com.st.stm32cube.ide.mcu.externaltools.gnu-tools-for-stm32.13.3.rel1.win32_1.0.0.202411081344/tools/bin/../lib/gcc/arm-none-eabi/13.3.1/thumb/v7e-m+fp/hard\libgcc.a(_arm_fixdfsi.o)

.debug_line_str
                0x00000000       0x65
 .debug_line_str
                0x00000000       0x65 ./Core/Startup/startup_stm32g474ceux.o
